<testsuites id="" name="" tests="1" failures="0" skipped="0" errors="0" time="9.996568000000002">
<testsuite name="mytest.spec.js" timestamp="2024-12-28T04:04:24.445Z" hostname="chromium" tests="1" failures="0" skipped="0" time="6.202" errors="0">
<testcase name="test" classname="mytest.spec.js" time="6.202">
</testcase>
</testsuite>
</testsuites>